  Determining projects to restore...
  All projects are up-to-date for restore.
dotnet : 
Failed to load System
.Private.CoreLib.dll 
(error code 
0x8007000E)
Path: C:\Program File
s\dotnet\shared\Micro
soft.NETCore.App\9.0.
11\System.Private.Cor
eLib.dll
Failed to load the 
dll from [C:\Program 
Files\dotnet\shared\M
icrosoft.NETCore.App\
9.0.11\coreclr.dll], 
HRESULT: 0x800705AF
Error message: Out 
Of Memory
Failed to bind to 
CoreCLR at 
'C:\Program Files\dot
net\shared\Microsoft.
NETCore.App\9.0.11\'
Failed to create 
CoreCLR, HRESULT: 
0x8007000E
Failed to create 
CoreCLR, HRESULT: 
0x80008088
Unhandled exception. 
System.TypeInitializa
tionException: The 
type initializer for 
'NuGet.Common.NuGetEv
entSource' threw an 
exception.
 ---> System.OutOfMem
oryException: 
Exception of type 'Sy
stem.OutOfMemoryExcep
tion' was thrown.
   at System.Text.Asc
ii.ChangeCase[TFrom,T
To,TCasing](ReadOnlyS
pan`1 source, Span`1 
destination, Int32& d
estinationElementsWri
tten)
   at System.Globaliz
ation.TextInfo.Change
CaseCommon[TConversio
n](String source)
   at System.Diagnost
ics.Tracing.EventSour
ce..ctor(String 
eventSourceName, 
EventSourceSettings 
config, String[] 
traits)
   at NuGet.Common.Nu
GetEventSource..cctor
()
   --- End of inner 
exception stack 
trace ---
   at NuGet.Common.Mi
grations.MigrationRun
ner.Run(String 
migrationsDirectory, 
IEnvironmentVariableR
eader environmentVari
ableReader)
   at NuGet.CommandLi
ne.XPlat.Program.Main
Internal(String[] 
args, 
CommandOutputLogger 
log, IEnvironmentVari
ableReader environmen
tVariableReader)
   at NuGet.CommandLi
ne.XPlat.Program.Main
(String[] args)
Out of memory.
Unhandled exception. 
System.TypeInitializa
tionException: The 
type initializer for 
'System.TimeZoneInfo'
 threw an exception.
 ---> System.OutOfMem
oryException: 
Exception of type 'Sy
stem.OutOfMemoryExcep
tion' was thrown.
   at System.Globaliz
ation.TextInfo.ToLowe
rAsciiInvariant(Strin
g s)
   at System.Globaliz
ation.CultureData.Get
CultureData(String 
cultureName, Boolean 
useUserOverride)
   at System.Globaliz
ation.CultureInfo..ct
or(String name, 
Boolean 
useUserOverride)
   at System.Globaliz
ation.CultureInfo.Get
CultureByName(String 
name)
   at System.Globaliz
ation.CultureInfo.Get
UserDefaultUICulture(
)
   at System.Globaliz
ation.CultureInfo.Ini
tializeUserDefaultUIC
ulture()
   at System.TimeZone
Info.GetUtcStandardDi
splayName()
   at System.TimeZone
Info.CreateUtcTimeZon
e()
   at System.TimeZone
Info..cctor()
   --- End of inner 
exception stack 
trace ---
   at System.TimeZone
Info.GetDateTimeNowUt
cOffsetFromUtc(DateTi
me time, Boolean& 
isAmbiguousLocalDst)
   at System.DateTime
.get_Now()
   at Microsoft.DotNe
t.Cli.Program.Main(St
ring[] args)
System.OutOfMemoryExc
eption: Exception of 
type 'System.OutOfMem
oryException' was 
thrown.
   at System.Text.Asc
ii.ChangeCase[TFrom,T
To,TCasing](ReadOnlyS
pan`1 source, Span`1 
destination, Int32& d
estinationElementsWri
tten)
   at System.Globaliz
ation.TextInfo.Change
CaseCommon[TConversio
n](String source)
   at Microsoft.DotNe
t.Cli.Utils.Sha256Has
her.HashWithNormalize
dCasing(String text)
   at System.Linq.Enu
merable.ToDictionary[
TSource,TKey,TElement
](IEnumerable`1 
source, Func`2 
keySelector, Func`2 
elementSelector, 
IEqualityComparer`1 
comparer)
   at System.Linq.Enu
merable.ToDictionary[
TSource,TKey,TElement
](IEnumerable`1 
source, Func`2 
keySelector, Func`2 
elementSelector)
   at Microsoft.DotNe
t.Cli.Utils.Applicati
onInsightsEntryFormat
.WithAppliedToPropert
iesValue(Func`2 func)
   at System.Linq.Enu
merable.ListSelectIte
rator`2.Fill(ReadOnly
Span`1 source, 
Span`1 destination, 
Func`2 func)
   at System.Linq.Enu
merable.ListSelectIte
rator`2.ToList()
   at Microsoft.DotNe
t.Cli.Telemetry.Telem
etryFilter.Filter(Obj
ect objectToFilter)
   at Microsoft.DotNe
t.Cli.Utils.Telemetry
EventEntry.SendFilter
ed(Object o)
   at Microsoft.DotNe
t.Cli.Program.Process
Args(String[] args, 
TimeSpan 
startupTime, 
ITelemetry 
telemetryClient)
   at Microsoft.DotNe
t.Cli.Program.Main(St
ring[] args)
E:\╪د┘┘à╪ذ╪د╪»╪▒╪ر\Graduation_project_last_update\Project(DEPI)\DAL\Model\StripeSettings.cs(5,23): warning CS8618: Non-nullable property 'SecretKey' must contain a non-null value when exiting constructor. Consider adding the 'required' modifier or declaring the property as nullable. [E:\╪د┘┘à╪ذ╪د╪»╪▒╪ر\Graduation_project_last_update\Project(DEPI)\DAL\DAL.csproj]
E:\╪د┘┘à╪ذ╪د╪»╪▒╪ر\Graduation_project_last_update\Project(DEPI)\DAL\Model\StripeSettings.cs(6,23): warning CS8618: Non-nullable property 'PublishableKey' must contain a non-null value when exiting constructor. Consider adding the 'required' modifier or declaring the property as nullable. [E:\╪د┘┘à╪ذ╪د╪»╪▒╪ر\Graduation_project_last_update\Project(DEPI)\DAL\DAL.csproj]
E:\╪د┘┘à╪ذ╪د╪»╪▒╪ر\Graduation_project_last_update\Project(DEPI)\DAL\Model\StripeSettings.cs(7,23): warning CS8618: Non-nullable property 'WebhookSecret' must contain a non-null value when exiting constructor. Consider adding the 'required' modifier or declaring the property as nullable. [E:\╪د┘┘à╪ذ╪د╪»╪▒╪ر\Graduation_project_last_update\Project(DEPI)\DAL\DAL.csproj]
E:\╪د┘┘à╪ذ╪د╪»╪▒╪ر\Graduation_project_last_update\Project(DEPI)\DAL\Model\User_Role.cs(7,19): warning CS8618: Non-nullable property 'RoleId' must contain a non-null value when exiting constructor. Consider adding the 'required' modifier or declaring the property as nullable. [E:\╪د┘┘à╪ذ╪د╪»╪▒╪ر\Graduation_project_last_update\Project(DEPI)\DAL\DAL.csproj]
E:\╪د┘┘à╪ذ╪د╪»╪▒╪ر\Graduation_project_last_update\Project(DEPI)\DAL\Model\User_Role.cs(11,33): warning CS8618: Non-nullable property 'Role' must contain a non-null value when exiting constructor. Consider adding the 'required' modifier or declaring the property as nullable. [E:\╪د┘┘à╪ذ╪د╪»╪▒╪ر\Graduation_project_last_update\Project(DEPI)\DAL\DAL.csproj]
E:\╪د┘┘à╪ذ╪د╪»╪▒╪ر\Graduation_project_last_update\Project(DEPI)\DAL\Model\User_Role.cs(14,32): warning CS8618: Non-nullable property 'UserProfile' must contain a non-null value when exiting constructor. Consider adding the 'required' modifier or declaring the property as nullable. [E:\╪د┘┘à╪ذ╪د╪»╪▒╪ر\Graduation_project_last_update\Project(DEPI)\DAL\DAL.csproj]
E:\╪د┘┘à╪ذ╪د╪»╪▒╪ر\Graduation_project_last_update\Project(DEPI)\DAL\ViewModel\CreateUserViewModel.cs(13,23): warning CS8618: Non-nullable property 'FullName' must contain a non-null value when exiting constructor. Consider adding the 'required' modifier or declaring the property as nullable. [E:\╪د┘┘à╪ذ╪د╪»╪▒╪ر\Graduation_project_last_update\Project(DEPI)\DAL\DAL.csproj]
E:\╪د┘┘à╪ذ╪د╪»╪▒╪ر\Graduation_project_last_update\Project(DEPI)\DAL\ViewModel\CreateUserViewModel.cs(17,23): warning CS8618: Non-nullable property 'Email' must contain a non-null value when exiting constructor. Consider adding the 'required' modifier or declaring the property as nullable. [E:\╪د┘┘à╪ذ╪د╪»╪▒╪ر\Graduation_project_last_update\Project(DEPI)\DAL\DAL.csproj]
E:\╪د┘┘à╪ذ╪د╪»╪▒╪ر\Graduation_project_last_update\Project(DEPI)\DAL\ViewModel\CreateUserViewModel.cs(20,23): warning CS8618: Non-nullable property 'PhoneNumber' must contain a non-null value when exiting constructor. Consider adding the 'required' modifier or declaring the property as nullable. [E:\╪د┘┘à╪ذ╪د╪»╪▒╪ر\Graduation_project_last_update\Project(DEPI)\DAL\DAL.csproj]
E:\╪د┘┘à╪ذ╪د╪»╪▒╪ر\Graduation_project_last_update\Project(DEPI)\DAL\ViewModel\CreateUserViewModel.cs(25,23): warning CS8618: Non-nullable property 'Password' must contain a non-null value when exiting constructor. Consider adding the 'required' modifier or declaring the property as nullable. [E:\╪د┘┘à╪ذ╪د╪»╪▒╪ر\Graduation_project_last_update\Project(DEPI)\DAL\DAL.csproj]
E:\╪د┘┘à╪ذ╪د╪»╪▒╪ر\Graduation_project_last_update\Project(DEPI)\DAL\ViewModel\CreateUserViewModel.cs(30,23): warning CS8618: Non-nullable property 'ConfirmPassword' must contain a non-null value when exiting constructor. Consider adding the 'required' modifier or declaring the property as nullable. [E:\╪د┘┘à╪ذ╪د╪»╪▒╪ر\Graduation_project_last_update\Project(DEPI)\DAL\DAL.csproj]
E:\╪د┘┘à╪ذ╪د╪»╪▒╪ر\Graduation_project_last_update\Project(DEPI)\DAL\ViewModel\CreateUserViewModel.cs(33,23): warning CS8618: Non-nullable property 'UserRole' must contain a non-null value when exiting constructor. Consider adding the 'required' modifier or declaring the property as nullable. [E:\╪د┘┘à╪ذ╪د╪»╪▒╪ر\Graduation_project_last_update\Project(DEPI)\DAL\DAL.csproj]
E:\╪د┘┘à╪ذ╪د╪»╪▒╪ر\Graduation_project_last_update\Project(DEPI)\DAL\ViewModel\EditUserViewModel.cs(16,23): warning CS8618: Non-nullable property 'FullName' must contain a non-null value when exiting constructor. Consider adding the 'required' modifier or declaring the property as nullable. [E:\╪د┘┘à╪ذ╪د╪»╪▒╪ر\Graduation_project_last_update\Project(DEPI)\DAL\DAL.csproj]
E:\╪د┘┘à╪ذ╪د╪»╪▒╪ر\Graduation_project_last_update\Project(DEPI)\DAL\ViewModel\EditUserViewModel.cs(21,23): warning CS8618: Non-nullable property 'Email' must contain a non-null value when exiting constructor. Consider adding the 'required' modifier or declaring the property as nullable. [E:\╪د┘┘à╪ذ╪د╪»╪▒╪ر\Graduation_project_last_update\Project(DEPI)\DAL\DAL.csproj]
E:\╪د┘┘à╪ذ╪د╪»╪▒╪ر\Graduation_project_last_update\Project(DEPI)\DAL\ViewModel\EditUserViewModel.cs(25,23): warning CS8618: Non-nullable property 'PhoneNumber' must contain a non-null value when exiting constructor. Consider adding the 'required' modifier or declaring the property as nullable. [E:\╪د┘┘à╪ذ╪د╪»╪▒╪ر\Graduation_project_last_update\Project(DEPI)\DAL\DAL.csproj]
E:\╪د┘┘à╪ذ╪د╪»╪▒╪ر\Graduation_project_last_update\Project(DEPI)\DAL\ViewModel\EditUserViewModel.cs(30,23): warning CS8618: Non-nullable property 'NewPassword' must contain a non-null value when exiting constructor. Consider adding the 'required' modifier or declaring the property as nullable. [E:\╪د┘┘à╪ذ╪د╪»╪▒╪ر\Graduation_project_last_update\Project(DEPI)\DAL\DAL.csproj]
E:\╪د┘┘à╪ذ╪د╪»╪▒╪ر\Graduation_project_last_update\Project(DEPI)\DAL\ViewModel\EditUserViewModel.cs(35,23): warning CS8618: Non-nullable property 'ConfirmPassword' must contain a non-null value when exiting constructor. Consider adding the 'required' modifier or declaring the property as nullable. [E:\╪د┘┘à╪ذ╪د╪»╪▒╪ر\Graduation_project_last_update\Project(DEPI)\DAL\DAL.csproj]
E:\╪د┘┘à╪ذ╪د╪»╪▒╪ر\Graduation_project_last_update\Project(DEPI)\DAL\ViewModel\EditUserViewModel.cs(38,23): warning CS8618: Non-nullable property 'UserRole' must contain a non-null value when exiting constructor. Consider adding the 'required' modifier or declaring the property as nullable. [E:\╪د┘┘à╪ذ╪د╪»╪▒╪ر\Graduation_project_last_update\Project(DEPI)\DAL\DAL.csproj]
E:\╪د┘┘à╪ذ╪د╪»╪▒╪ر\Graduation_project_last_update\Project(DEPI)\DAL\ViewModel\EditUserViewModel.cs(41,23): warning CS8618: Non-nullable property 'IdentityUserId' must contain a non-null value when exiting constructor. Consider adding the 'required' modifier or declaring the property as nullable. [E:\╪د┘┘à╪ذ╪د╪»╪▒╪ر\Graduation_project_last_update\Project(DEPI)\DAL\DAL.csproj]
E:\╪د┘┘à╪ذ╪د╪»╪▒╪ر\Graduation_project_last_update\Project(DEPI)\DAL\ViewModel\LoginViewModel.cs(10,23): warning CS8618: Non-nullable property 'Email' must contain a non-null value when exiting constructor. Consider adding the 'required' modifier or declaring the property as nullable. [E:\╪د┘┘à╪ذ╪د╪»╪▒╪ر\Graduation_project_last_update\Project(DEPI)\DAL\DAL.csproj]
E:\╪د┘┘à╪ذ╪د╪»╪▒╪ر\Graduation_project_last_update\Project(DEPI)\DAL\ViewModel\LoginViewModel.cs(15,23): warning CS8618: Non-nullable property 'Password' must contain a non-null value when exiting constructor. Consider adding the 'required' modifier or declaring the property as nullable. [E:\╪د┘┘à╪ذ╪د╪»╪▒╪ر\Graduation_project_last_update\Project(DEPI)\DAL\DAL.csproj]
E:\╪د┘┘à╪ذ╪د╪»╪▒╪ر\Graduation_project_last_update\Project(DEPI)\DAL\ViewModel\RegisterViewModel.cs(5,30): warning CS8618: Non-nullable property 'FullName' must contain a non-null value when exiting constructor. Consider adding the 'required' modifier or declaring the property as nullable. [E:\╪د┘┘à╪ذ╪د╪»╪▒╪ر\Graduation_project_last_update\Project(DEPI)\DAL\DAL.csproj]
E:\╪د┘┘à╪ذ╪د╪»╪▒╪ر\Graduation_project_last_update\Project(DEPI)\DAL\ViewModel\RegisterViewModel.cs(6,44): warning CS8618: Non-nullable property 'Email' must contain a non-null value when exiting constructor. Consider adding the 'required' modifier or declaring the property as nullable. [E:\╪د┘┘à╪ذ╪د╪»╪▒╪ر\Graduation_project_last_update\Project(DEPI)\DAL\DAL.csproj]
E:\╪د┘┘à╪ذ╪د╪»╪▒╪ر\Graduation_project_last_update\Project(DEPI)\DAL\ViewModel\RegisterViewModel.cs(7,45): warning CS8618: Non-nullable property 'PhoneNumber' must contain a non-null value when exiting constructor. Consider adding the 'required' modifier or declaring the property as nullable. [E:\╪د┘┘à╪ذ╪د╪»╪▒╪ر\Graduation_project_last_update\Project(DEPI)\DAL\DAL.csproj]
E:\╪د┘┘à╪ذ╪د╪»╪▒╪ر\Graduation_project_last_update\Project(DEPI)\DAL\ViewModel\RegisterViewModel.cs(8,59): warning CS8618: Non-nullable property 'Password' must contain a non-null value when exiting constructor. Consider adding the 'required' modifier or declaring the property as nullable. [E:\╪د┘┘à╪ذ╪د╪»╪▒╪ر\Graduation_project_last_update\Project(DEPI)\DAL\DAL.csproj]
E:\╪د┘┘à╪ذ╪د╪»╪▒╪ر\Graduation_project_last_update\Project(DEPI)\DAL\ViewModel\RegisterViewModel.cs(9,80): warning CS8618: Non-nullable property 'ConfirmPassword' must contain a non-null value when exiting constructor. Consider adding the 'required' modifier or declaring the property as nullable. [E:\╪د┘┘à╪ذ╪د╪»╪▒╪ر\Graduation_project_last_update\Project(DEPI)\DAL\DAL.csproj]
E:\╪د┘┘à╪ذ╪د╪»╪▒╪ر\Graduation_project_last_update\Project(DEPI)\DAL\Model\RolePermission.cs(13,23): warning CS8618: Non-nullable property 'RoleId' must contain a non-null value when exiting constructor. Consider adding the 'required' modifier or declaring the property as nullable. [E:\╪د┘┘à╪ذ╪د╪»╪▒╪ر\Graduation_project_last_update\Project(DEPI)\DAL\DAL.csproj]
E:\╪د┘┘à╪ذ╪د╪»╪▒╪ر\Graduation_project_last_update\Project(DEPI)\DAL\Model\RolePermission.cs(17,37): warning CS8618: Non-nullable property 'Role' must contain a non-null value when exiting constructor. Consider adding the 'required' modifier or declaring the property as nullable. [E:\╪د┘┘à╪ذ╪د╪»╪▒╪ر\Graduation_project_last_update\Project(DEPI)\DAL\DAL.csproj]
E:\╪د┘┘à╪ذ╪د╪»╪▒╪ر\Graduation_project_last_update\Project(DEPI)\DAL\Model\RolePermission.cs(20,35): warning CS8618: Non-nullable property 'Permission' must contain a non-null value when exiting constructor. Consider adding the 'required' modifier or declaring the property as nullable. [E:\╪د┘┘à╪ذ╪د╪»╪▒╪ر\Graduation_project_last_update\Project(DEPI)\DAL\DAL.csproj]
E:\╪د┘┘à╪ذ╪د╪»╪▒╪ر\Graduation_project_last_update\Project(DEPI)\DAL\Model\Contact.cs(13,23): warning CS8618: Non-nullable property 'FullName' must contain a non-null value when exiting constructor. Consider adding the 'required' modifier or declaring the property as nullable. [E:\╪د┘┘à╪ذ╪د╪»╪▒╪ر\Graduation_project_last_update\Project(DEPI)\DAL\DAL.csproj]
E:\╪د┘┘à╪ذ╪د╪»╪▒╪ر\Graduation_project_last_update\Project(DEPI)\DAL\Model\Contact.cs(18,23): warning CS8618: Non-nullable property 'Email' must contain a non-null value when exiting constructor. Consider adding the 'required' modifier or declaring the property as nullable. [E:\╪د┘┘à╪ذ╪د╪»╪▒╪ر\Graduation_project_last_update\Project(DEPI)\DAL\DAL.csproj]
E:\╪د┘┘à╪ذ╪د╪»╪▒╪ر\Graduation_project_last_update\Project(DEPI)\DAL\Model\Contact.cs(21,23): warning CS8618: Non-nullable property 'PhoneNumber' must contain a non-null value when exiting constructor. Consider adding the 'required' modifier or declaring the property as nullable. [E:\╪د┘┘à╪ذ╪د╪»╪▒╪ر\Graduation_project_last_update\Project(DEPI)\DAL\DAL.csproj]
E:\╪د┘┘à╪ذ╪د╪»╪▒╪ر\Graduation_project_last_update\Project(DEPI)\DAL\Model\Contact.cs(25,23): warning CS8618: Non-nullable property 'Message' must contain a non-null value when exiting constructor. Consider adding the 'required' modifier or declaring the property as nullable. [E:\╪د┘┘à╪ذ╪د╪»╪▒╪ر\Graduation_project_last_update\Project(DEPI)\DAL\DAL.csproj]
E:\╪د┘┘à╪ذ╪د╪»╪▒╪ر\Graduation_project_last_update\Project(DEPI)\DAL\Model\Payment.cs(33,23): warning CS8618: Non-nullable property 'TransactionRefrence' must contain a non-null value when exiting constructor. Consider adding the 'required' modifier or declaring the property as nullable. [E:\╪د┘┘à╪ذ╪د╪»╪▒╪ر\Graduation_project_last_update\Project(DEPI)\DAL\DAL.csproj]
E:\╪د┘┘à╪ذ╪د╪»╪▒╪ر\Graduation_project_last_update\Project(DEPI)\DAL\Model\UserProfile.cs(14,23): warning CS8618: Non-nullable property 'IdentityUserId' must contain a non-null value when exiting constructor. Consider adding the 'required' modifier or declaring the property as nullable. [E:\╪د┘┘à╪ذ╪د╪»╪▒╪ر\Graduation_project_last_update\Project(DEPI)\DAL\DAL.csproj]
E:\╪د┘┘à╪ذ╪د╪»╪▒╪ر\Graduation_project_last_update\Project(DEPI)\DAL\Model\UserProfile.cs(17,32): warning CS8618: Non-nullable property 'User' must contain a non-null value when exiting constructor. Consider adding the 'required' modifier or declaring the property as nullable. [E:\╪د┘┘à╪ذ╪د╪»╪▒╪ر\Graduation_project_last_update\Project(DEPI)\DAL\DAL.csproj]
E:\╪د┘┘à╪ذ╪د╪»╪▒╪ر\Graduation_project_last_update\Project(DEPI)\DAL\Model\UserProfile.cs(20,23): warning CS8618: Non-nullable property 'FullName' must contain a non-null value when exiting constructor. Consider adding the 'required' modifier or declaring the property as nullable. [E:\╪د┘┘à╪ذ╪د╪»╪▒╪ر\Graduation_project_last_update\Project(DEPI)\DAL\DAL.csproj]
E:\╪د┘┘à╪ذ╪د╪»╪▒╪ر\Graduation_project_last_update\Project(DEPI)\DAL\Model\UserProfile.cs(24,23): warning CS8618: Non-nullable property 'Email' must contain a non-null value when exiting constructor. Consider adding the 'required' modifier or declaring the property as nullable. [E:\╪د┘┘à╪ذ╪د╪»╪▒╪ر\Graduation_project_last_update\Project(DEPI)\DAL\DAL.csproj]
E:\╪د┘┘à╪ذ╪د╪»╪▒╪ر\Graduation_project_last_update\Project(DEPI)\DAL\Model\UserProfile.cs(28,23): warning CS8618: Non-nullable property 'PhoneNumber' must contain a non-null value when exiting constructor. Consider adding the 'required' modifier or declaring the property as nullable. [E:\╪د┘┘à╪ذ╪د╪»╪▒╪ر\Graduation_project_last_update\Project(DEPI)\DAL\DAL.csproj]
E:\╪د┘┘à╪ذ╪د╪»╪▒╪ر\Graduation_project_last_update\Project(DEPI)\DAL\Model\UserProfile.cs(31,23): warning CS8618: Non-nullable property 'ProfilePhotoPath' must contain a non-null value when exiting constructor. Consider adding the 'required' modifier or declaring the property as nullable. [E:\╪د┘┘à╪ذ╪د╪»╪▒╪ر\Graduation_project_last_update\Project(DEPI)\DAL\DAL.csproj]
E:\╪د┘┘à╪ذ╪د╪»╪▒╪ر\Graduation_project_last_update\Project(DEPI)\DAL\Model\UserProfile.cs(37,23): warning CS8618: Non-nullable property 'Address' must contain a non-null value when exiting constructor. Consider adding the 'required' modifier or declaring the property as nullable. [E:\╪د┘┘à╪ذ╪د╪»╪▒╪ر\Graduation_project_last_update\Project(DEPI)\DAL\DAL.csproj]
E:\╪د┘┘à╪ذ╪د╪»╪▒╪ر\Graduation_project_last_update\Project(DEPI)\DAL\Model\UserProfile.cs(40,23): warning CS8618: Non-nullable property 'City' must contain a non-null value when exiting constructor. Consider adding the 'required' modifier or declaring the property as nullable. [E:\╪د┘┘à╪ذ╪د╪»╪▒╪ر\Graduation_project_last_update\Project(DEPI)\DAL\DAL.csproj]
E:\╪د┘┘à╪ذ╪د╪»╪▒╪ر\Graduation_project_last_update\Project(DEPI)\DAL\Model\UserProfile.cs(43,23): warning CS8618: Non-nullable property 'Country' must contain a non-null value when exiting constructor. Consider adding the 'required' modifier or declaring the property as nullable. [E:\╪د┘┘à╪ذ╪د╪»╪▒╪ر\Graduation_project_last_update\Project(DEPI)\DAL\DAL.csproj]
E:\╪د┘┘à╪ذ╪د╪»╪▒╪ر\Graduation_project_last_update\Project(DEPI)\DAL\DataBase\GenericRepository.cs(22,33): warning CS8603: Possible null reference return. [E:\╪د┘┘à╪ذ╪د╪»╪▒╪ر\Graduation_project_last_update\Project(DEPI)\DAL\DAL.csproj]
  DAL -> E:\╪د┘┘à╪ذ╪د╪»╪▒╪ر\Graduation_project_last_update\Project(DEPI)\DAL\bin\Debug\net9.0\DAL.dll
E:\╪د┘┘à╪ذ╪د╪»╪▒╪ر\Graduation_project_last_update\Project(DEPI)\PLL\Services\ProfileService.cs(32,28): warning CS8601: Possible null reference assignment. [E:\╪د┘┘à╪ذ╪د╪»╪▒╪ر\Graduation_project_last_update\Project(DEPI)\PLL\PLL.csproj]
E:\╪د┘┘à╪ذ╪د╪»╪▒╪ر\Graduation_project_last_update\Project(DEPI)\PLL\Services\ProfileService.cs(33,25): warning CS8601: Possible null reference assignment. [E:\╪د┘┘à╪ذ╪د╪»╪▒╪ر\Graduation_project_last_update\Project(DEPI)\PLL\PLL.csproj]
E:\╪د┘┘à╪ذ╪د╪»╪▒╪ر\Graduation_project_last_update\Project(DEPI)\PLL\Services\ProfileService.cs(34,31): warning CS8601: Possible null reference assignment. [E:\╪د┘┘à╪ذ╪د╪»╪▒╪ر\Graduation_project_last_update\Project(DEPI)\PLL\PLL.csproj]
E:\╪د┘┘à╪ذ╪د╪»╪▒╪ر\Graduation_project_last_update\Project(DEPI)\PLL\Services\BookingService.cs(56,37): warning CS1998: This async method lacks 'await' operators and will run synchronously. Consider using the 'await' operator to await non-blocking API calls, or 'await Task.Run(...)' to do CPU-bound work on a background thread. [E:\╪د┘┘à╪ذ╪د╪»╪▒╪ر\Graduation_project_last_update\Project(DEPI)\PLL\PLL.csproj]
  PLL -> E:\╪د┘┘à╪ذ╪د╪»╪▒╪ر\Graduation_project_last_update\Project(DEPI)\PLL\bin\Debug\net9.0\PLL.dll
E:\╪د┘┘à╪ذ╪د╪»╪▒╪ر\Graduation_project_last_update\Project(DEPI)\Project(DEPI)\Controllers\RoomController.cs(30,54): warning CS8604: Possible null reference argument for parameter 'location' in 'IEnumerable<Room> RoomService.SearchRooms(string location, DateTime? checkIn, DateTime? checkOut, int? guests)'. [E:\╪د┘┘à╪ذ╪د╪»╪▒╪ر\Graduation_project_last_update\Project(DEPI)\Project(DEPI)\Project(DEPI).csproj]
E:\╪د┘┘à╪ذ╪د╪»╪▒╪ر\Graduation_project_last_update\Project(DEPI)\Project(DEPI)\Views\BookNow\Success.cshtml(24,50): warning CS8602: Dereference of a possibly null reference. [E:\╪د┘┘à╪ذ╪د╪»╪▒╪ر\Graduation_project_last_update\Project(DEPI)\Project(DEPI)\Project(DEPI).csproj]
  Project(DEPI) -> E:\╪د┘┘à╪ذ╪د╪»╪▒╪ر\Graduation_project_last_update\Project(DEPI)\Project(DEPI)\bin\Debug\net9.0\Project(DEPI).dll

Build succeeded.

E:\╪د┘┘à╪ذ╪د╪»╪▒╪ر\Graduation_project_last_update\Project(DEPI)\DAL\Model\StripeSettings.cs(5,23): warning CS8618: Non-nullable property 'SecretKey' must contain a non-null value when exiting constructor. Consider adding the 'required' modifier or declaring the property as nullable. [E:\╪د┘┘à╪ذ╪د╪»╪▒╪ر\Graduation_project_last_update\Project(DEPI)\DAL\DAL.csproj]
E:\╪د┘┘à╪ذ╪د╪»╪▒╪ر\Graduation_project_last_update\Project(DEPI)\DAL\Model\StripeSettings.cs(6,23): warning CS8618: Non-nullable property 'PublishableKey' must contain a non-null value when exiting constructor. Consider adding the 'required' modifier or declaring the property as nullable. [E:\╪د┘┘à╪ذ╪د╪»╪▒╪ر\Graduation_project_last_update\Project(DEPI)\DAL\DAL.csproj]
E:\╪د┘┘à╪ذ╪د╪»╪▒╪ر\Graduation_project_last_update\Project(DEPI)\DAL\Model\StripeSettings.cs(7,23): warning CS8618: Non-nullable property 'WebhookSecret' must contain a non-null value when exiting constructor. Consider adding the 'required' modifier or declaring the property as nullable. [E:\╪د┘┘à╪ذ╪د╪»╪▒╪ر\Graduation_project_last_update\Project(DEPI)\DAL\DAL.csproj]
E:\╪د┘┘à╪ذ╪د╪»╪▒╪ر\Graduation_project_last_update\Project(DEPI)\DAL\Model\User_Role.cs(7,19): warning CS8618: Non-nullable property 'RoleId' must contain a non-null value when exiting constructor. Consider adding the 'required' modifier or declaring the property as nullable. [E:\╪د┘┘à╪ذ╪د╪»╪▒╪ر\Graduation_project_last_update\Project(DEPI)\DAL\DAL.csproj]
E:\╪د┘┘à╪ذ╪د╪»╪▒╪ر\Graduation_project_last_update\Project(DEPI)\DAL\Model\User_Role.cs(11,33): warning CS8618: Non-nullable property 'Role' must contain a non-null value when exiting constructor. Consider adding the 'required' modifier or declaring the property as nullable. [E:\╪د┘┘à╪ذ╪د╪»╪▒╪ر\Graduation_project_last_update\Project(DEPI)\DAL\DAL.csproj]
E:\╪د┘┘à╪ذ╪د╪»╪▒╪ر\Graduation_project_last_update\Project(DEPI)\DAL\Model\User_Role.cs(14,32): warning CS8618: Non-nullable property 'UserProfile' must contain a non-null value when exiting constructor. Consider adding the 'required' modifier or declaring the property as nullable. [E:\╪د┘┘à╪ذ╪د╪»╪▒╪ر\Graduation_project_last_update\Project(DEPI)\DAL\DAL.csproj]
E:\╪د┘┘à╪ذ╪د╪»╪▒╪ر\Graduation_project_last_update\Project(DEPI)\DAL\ViewModel\CreateUserViewModel.cs(13,23): warning CS8618: Non-nullable property 'FullName' must contain a non-null value when exiting constructor. Consider adding the 'required' modifier or declaring the property as nullable. [E:\╪د┘┘à╪ذ╪د╪»╪▒╪ر\Graduation_project_last_update\Project(DEPI)\DAL\DAL.csproj]
E:\╪د┘┘à╪ذ╪د╪»╪▒╪ر\Graduation_project_last_update\Project(DEPI)\DAL\ViewModel\CreateUserViewModel.cs(17,23): warning CS8618: Non-nullable property 'Email' must contain a non-null value when exiting constructor. Consider adding the 'required' modifier or declaring the property as nullable. [E:\╪د┘┘à╪ذ╪د╪»╪▒╪ر\Graduation_project_last_update\Project(DEPI)\DAL\DAL.csproj]
E:\╪د┘┘à╪ذ╪د╪»╪▒╪ر\Graduation_project_last_update\Project(DEPI)\DAL\ViewModel\CreateUserViewModel.cs(20,23): warning CS8618: Non-nullable property 'PhoneNumber' must contain a non-null value when exiting constructor. Consider adding the 'required' modifier or declaring the property as nullable. [E:\╪د┘┘à╪ذ╪د╪»╪▒╪ر\Graduation_project_last_update\Project(DEPI)\DAL\DAL.csproj]
E:\╪د┘┘à╪ذ╪د╪»╪▒╪ر\Graduation_project_last_update\Project(DEPI)\DAL\ViewModel\CreateUserViewModel.cs(25,23): warning CS8618: Non-nullable property 'Password' must contain a non-null value when exiting constructor. Consider adding the 'required' modifier or declaring the property as nullable. [E:\╪د┘┘à╪ذ╪د╪»╪▒╪ر\Graduation_project_last_update\Project(DEPI)\DAL\DAL.csproj]
E:\╪د┘┘à╪ذ╪د╪»╪▒╪ر\Graduation_project_last_update\Project(DEPI)\DAL\ViewModel\CreateUserViewModel.cs(30,23): warning CS8618: Non-nullable property 'ConfirmPassword' must contain a non-null value when exiting constructor. Consider adding the 'required' modifier or declaring the property as nullable. [E:\╪د┘┘à╪ذ╪د╪»╪▒╪ر\Graduation_project_last_update\Project(DEPI)\DAL\DAL.csproj]
E:\╪د┘┘à╪ذ╪د╪»╪▒╪ر\Graduation_project_last_update\Project(DEPI)\DAL\ViewModel\CreateUserViewModel.cs(33,23): warning CS8618: Non-nullable property 'UserRole' must contain a non-null value when exiting constructor. Consider adding the 'required' modifier or declaring the property as nullable. [E:\╪د┘┘à╪ذ╪د╪»╪▒╪ر\Graduation_project_last_update\Project(DEPI)\DAL\DAL.csproj]
E:\╪د┘┘à╪ذ╪د╪»╪▒╪ر\Graduation_project_last_update\Project(DEPI)\DAL\ViewModel\EditUserViewModel.cs(16,23): warning CS8618: Non-nullable property 'FullName' must contain a non-null value when exiting constructor. Consider adding the 'required' modifier or declaring the property as nullable. [E:\╪د┘┘à╪ذ╪د╪»╪▒╪ر\Graduation_project_last_update\Project(DEPI)\DAL\DAL.csproj]
E:\╪د┘┘à╪ذ╪د╪»╪▒╪ر\Graduation_project_last_update\Project(DEPI)\DAL\ViewModel\EditUserViewModel.cs(21,23): warning CS8618: Non-nullable property 'Email' must contain a non-null value when exiting constructor. Consider adding the 'required' modifier or declaring the property as nullable. [E:\╪د┘┘à╪ذ╪د╪»╪▒╪ر\Graduation_project_last_update\Project(DEPI)\DAL\DAL.csproj]
E:\╪د┘┘à╪ذ╪د╪»╪▒╪ر\Graduation_project_last_update\Project(DEPI)\DAL\ViewModel\EditUserViewModel.cs(25,23): warning CS8618: Non-nullable property 'PhoneNumber' must contain a non-null value when exiting constructor. Consider adding the 'required' modifier or declaring the property as nullable. [E:\╪د┘┘à╪ذ╪د╪»╪▒╪ر\Graduation_project_last_update\Project(DEPI)\DAL\DAL.csproj]
E:\╪د┘┘à╪ذ╪د╪»╪▒╪ر\Graduation_project_last_update\Project(DEPI)\DAL\ViewModel\EditUserViewModel.cs(30,23): warning CS8618: Non-nullable property 'NewPassword' must contain a non-null value when exiting constructor. Consider adding the 'required' modifier or declaring the property as nullable. [E:\╪د┘┘à╪ذ╪د╪»╪▒╪ر\Graduation_project_last_update\Project(DEPI)\DAL\DAL.csproj]
E:\╪د┘┘à╪ذ╪د╪»╪▒╪ر\Graduation_project_last_update\Project(DEPI)\DAL\ViewModel\EditUserViewModel.cs(35,23): warning CS8618: Non-nullable property 'ConfirmPassword' must contain a non-null value when exiting constructor. Consider adding the 'required' modifier or declaring the property as nullable. [E:\╪د┘┘à╪ذ╪د╪»╪▒╪ر\Graduation_project_last_update\Project(DEPI)\DAL\DAL.csproj]
E:\╪د┘┘à╪ذ╪د╪»╪▒╪ر\Graduation_project_last_update\Project(DEPI)\DAL\ViewModel\EditUserViewModel.cs(38,23): warning CS8618: Non-nullable property 'UserRole' must contain a non-null value when exiting constructor. Consider adding the 'required' modifier or declaring the property as nullable. [E:\╪د┘┘à╪ذ╪د╪»╪▒╪ر\Graduation_project_last_update\Project(DEPI)\DAL\DAL.csproj]
E:\╪د┘┘à╪ذ╪د╪»╪▒╪ر\Graduation_project_last_update\Project(DEPI)\DAL\ViewModel\EditUserViewModel.cs(41,23): warning CS8618: Non-nullable property 'IdentityUserId' must contain a non-null value when exiting constructor. Consider adding the 'required' modifier or declaring the property as nullable. [E:\╪د┘┘à╪ذ╪د╪»╪▒╪ر\Graduation_project_last_update\Project(DEPI)\DAL\DAL.csproj]
E:\╪د┘┘à╪ذ╪د╪»╪▒╪ر\Graduation_project_last_update\Project(DEPI)\DAL\ViewModel\LoginViewModel.cs(10,23): warning CS8618: Non-nullable property 'Email' must contain a non-null value when exiting constructor. Consider adding the 'required' modifier or declaring the property as nullable. [E:\╪د┘┘à╪ذ╪د╪»╪▒╪ر\Graduation_project_last_update\Project(DEPI)\DAL\DAL.csproj]
E:\╪د┘┘à╪ذ╪د╪»╪▒╪ر\Graduation_project_last_update\Project(DEPI)\DAL\ViewModel\LoginViewModel.cs(15,23): warning CS8618: Non-nullable property 'Password' must contain a non-null value when exiting constructor. Consider adding the 'required' modifier or declaring the property as nullable. [E:\╪د┘┘à╪ذ╪د╪»╪▒╪ر\Graduation_project_last_update\Project(DEPI)\DAL\DAL.csproj]
E:\╪د┘┘à╪ذ╪د╪»╪▒╪ر\Graduation_project_last_update\Project(DEPI)\DAL\ViewModel\RegisterViewModel.cs(5,30): warning CS8618: Non-nullable property 'FullName' must contain a non-null value when exiting constructor. Consider adding the 'required' modifier or declaring the property as nullable. [E:\╪د┘┘à╪ذ╪د╪»╪▒╪ر\Graduation_project_last_update\Project(DEPI)\DAL\DAL.csproj]
E:\╪د┘┘à╪ذ╪د╪»╪▒╪ر\Graduation_project_last_update\Project(DEPI)\DAL\ViewModel\RegisterViewModel.cs(6,44): warning CS8618: Non-nullable property 'Email' must contain a non-null value when exiting constructor. Consider adding the 'required' modifier or declaring the property as nullable. [E:\╪د┘┘à╪ذ╪د╪»╪▒╪ر\Graduation_project_last_update\Project(DEPI)\DAL\DAL.csproj]
E:\╪د┘┘à╪ذ╪د╪»╪▒╪ر\Graduation_project_last_update\Project(DEPI)\DAL\ViewModel\RegisterViewModel.cs(7,45): warning CS8618: Non-nullable property 'PhoneNumber' must contain a non-null value when exiting constructor. Consider adding the 'required' modifier or declaring the property as nullable. [E:\╪د┘┘à╪ذ╪د╪»╪▒╪ر\Graduation_project_last_update\Project(DEPI)\DAL\DAL.csproj]
E:\╪د┘┘à╪ذ╪د╪»╪▒╪ر\Graduation_project_last_update\Project(DEPI)\DAL\ViewModel\RegisterViewModel.cs(8,59): warning CS8618: Non-nullable property 'Password' must contain a non-null value when exiting constructor. Consider adding the 'required' modifier or declaring the property as nullable. [E:\╪د┘┘à╪ذ╪د╪»╪▒╪ر\Graduation_project_last_update\Project(DEPI)\DAL\DAL.csproj]
E:\╪د┘┘à╪ذ╪د╪»╪▒╪ر\Graduation_project_last_update\Project(DEPI)\DAL\ViewModel\RegisterViewModel.cs(9,80): warning CS8618: Non-nullable property 'ConfirmPassword' must contain a non-null value when exiting constructor. Consider adding the 'required' modifier or declaring the property as nullable. [E:\╪د┘┘à╪ذ╪د╪»╪▒╪ر\Graduation_project_last_update\Project(DEPI)\DAL\DAL.csproj]
E:\╪د┘┘à╪ذ╪د╪»╪▒╪ر\Graduation_project_last_update\Project(DEPI)\DAL\Model\RolePermission.cs(13,23): warning CS8618: Non-nullable property 'RoleId' must contain a non-null value when exiting constructor. Consider adding the 'required' modifier or declaring the property as nullable. [E:\╪د┘┘à╪ذ╪د╪»╪▒╪ر\Graduation_project_last_update\Project(DEPI)\DAL\DAL.csproj]
E:\╪د┘┘à╪ذ╪د╪»╪▒╪ر\Graduation_project_last_update\Project(DEPI)\DAL\Model\RolePermission.cs(17,37): warning CS8618: Non-nullable property 'Role' must contain a non-null value when exiting constructor. Consider adding the 'required' modifier or declaring the property as nullable. [E:\╪د┘┘à╪ذ╪د╪»╪▒╪ر\Graduation_project_last_update\Project(DEPI)\DAL\DAL.csproj]
E:\╪د┘┘à╪ذ╪د╪»╪▒╪ر\Graduation_project_last_update\Project(DEPI)\DAL\Model\RolePermission.cs(20,35): warning CS8618: Non-nullable property 'Permission' must contain a non-null value when exiting constructor. Consider adding the 'required' modifier or declaring the property as nullable. [E:\╪د┘┘à╪ذ╪د╪»╪▒╪ر\Graduation_project_last_update\Project(DEPI)\DAL\DAL.csproj]
E:\╪د┘┘à╪ذ╪د╪»╪▒╪ر\Graduation_project_last_update\Project(DEPI)\DAL\Model\Contact.cs(13,23): warning CS8618: Non-nullable property 'FullName' must contain a non-null value when exiting constructor. Consider adding the 'required' modifier or declaring the property as nullable. [E:\╪د┘┘à╪ذ╪د╪»╪▒╪ر\Graduation_project_last_update\Project(DEPI)\DAL\DAL.csproj]
E:\╪د┘┘à╪ذ╪د╪»╪▒╪ر\Graduation_project_last_update\Project(DEPI)\DAL\Model\Contact.cs(18,23): warning CS8618: Non-nullable property 'Email' must contain a non-null value when exiting constructor. Consider adding the 'required' modifier or declaring the property as nullable. [E:\╪د┘┘à╪ذ╪د╪»╪▒╪ر\Graduation_project_last_update\Project(DEPI)\DAL\DAL.csproj]
E:\╪د┘┘à╪ذ╪د╪»╪▒╪ر\Graduation_project_last_update\Project(DEPI)\DAL\Model\Contact.cs(21,23): warning CS8618: Non-nullable property 'PhoneNumber' must contain a non-null value when exiting constructor. Consider adding the 'required' modifier or declaring the property as nullable. [E:\╪د┘┘à╪ذ╪د╪»╪▒╪ر\Graduation_project_last_update\Project(DEPI)\DAL\DAL.csproj]
E:\╪د┘┘à╪ذ╪د╪»╪▒╪ر\Graduation_project_last_update\Project(DEPI)\DAL\Model\Contact.cs(25,23): warning CS8618: Non-nullable property 'Message' must contain a non-null value when exiting constructor. Consider adding the 'required' modifier or declaring the property as nullable. [E:\╪د┘┘à╪ذ╪د╪»╪▒╪ر\Graduation_project_last_update\Project(DEPI)\DAL\DAL.csproj]
E:\╪د┘┘à╪ذ╪د╪»╪▒╪ر\Graduation_project_last_update\Project(DEPI)\DAL\Model\Payment.cs(33,23): warning CS8618: Non-nullable property 'TransactionRefrence' must contain a non-null value when exiting constructor. Consider adding the 'required' modifier or declaring the property as nullable. [E:\╪د┘┘à╪ذ╪د╪»╪▒╪ر\Graduation_project_last_update\Project(DEPI)\DAL\DAL.csproj]
E:\╪د┘┘à╪ذ╪د╪»╪▒╪ر\Graduation_project_last_update\Project(DEPI)\DAL\Model\UserProfile.cs(14,23): warning CS8618: Non-nullable property 'IdentityUserId' must contain a non-null value when exiting constructor. Consider adding the 'required' modifier or declaring the property as nullable. [E:\╪د┘┘à╪ذ╪د╪»╪▒╪ر\Graduation_project_last_update\Project(DEPI)\DAL\DAL.csproj]
E:\╪د┘┘à╪ذ╪د╪»╪▒╪ر\Graduation_project_last_update\Project(DEPI)\DAL\Model\UserProfile.cs(17,32): warning CS8618: Non-nullable property 'User' must contain a non-null value when exiting constructor. Consider adding the 'required' modifier or declaring the property as nullable. [E:\╪د┘┘à╪ذ╪د╪»╪▒╪ر\Graduation_project_last_update\Project(DEPI)\DAL\DAL.csproj]
E:\╪د┘┘à╪ذ╪د╪»╪▒╪ر\Graduation_project_last_update\Project(DEPI)\DAL\Model\UserProfile.cs(20,23): warning CS8618: Non-nullable property 'FullName' must contain a non-null value when exiting constructor. Consider adding the 'required' modifier or declaring the property as nullable. [E:\╪د┘┘à╪ذ╪د╪»╪▒╪ر\Graduation_project_last_update\Project(DEPI)\DAL\DAL.csproj]
E:\╪د┘┘à╪ذ╪د╪»╪▒╪ر\Graduation_project_last_update\Project(DEPI)\DAL\Model\UserProfile.cs(24,23): warning CS8618: Non-nullable property 'Email' must contain a non-null value when exiting constructor. Consider adding the 'required' modifier or declaring the property as nullable. [E:\╪د┘┘à╪ذ╪د╪»╪▒╪ر\Graduation_project_last_update\Project(DEPI)\DAL\DAL.csproj]
E:\╪د┘┘à╪ذ╪د╪»╪▒╪ر\Graduation_project_last_update\Project(DEPI)\DAL\Model\UserProfile.cs(28,23): warning CS8618: Non-nullable property 'PhoneNumber' must contain a non-null value when exiting constructor. Consider adding the 'required' modifier or declaring the property as nullable. [E:\╪د┘┘à╪ذ╪د╪»╪▒╪ر\Graduation_project_last_update\Project(DEPI)\DAL\DAL.csproj]
E:\╪د┘┘à╪ذ╪د╪»╪▒╪ر\Graduation_project_last_update\Project(DEPI)\DAL\Model\UserProfile.cs(31,23): warning CS8618: Non-nullable property 'ProfilePhotoPath' must contain a non-null value when exiting constructor. Consider adding the 'required' modifier or declaring the property as nullable. [E:\╪د┘┘à╪ذ╪د╪»╪▒╪ر\Graduation_project_last_update\Project(DEPI)\DAL\DAL.csproj]
E:\╪د┘┘à╪ذ╪د╪»╪▒╪ر\Graduation_project_last_update\Project(DEPI)\DAL\Model\UserProfile.cs(37,23): warning CS8618: Non-nullable property 'Address' must contain a non-null value when exiting constructor. Consider adding the 'required' modifier or declaring the property as nullable. [E:\╪د┘┘à╪ذ╪د╪»╪▒╪ر\Graduation_project_last_update\Project(DEPI)\DAL\DAL.csproj]
E:\╪د┘┘à╪ذ╪د╪»╪▒╪ر\Graduation_project_last_update\Project(DEPI)\DAL\Model\UserProfile.cs(40,23): warning CS8618: Non-nullable property 'City' must contain a non-null value when exiting constructor. Consider adding the 'required' modifier or declaring the property as nullable. [E:\╪د┘┘à╪ذ╪د╪»╪▒╪ر\Graduation_project_last_update\Project(DEPI)\DAL\DAL.csproj]
E:\╪د┘┘à╪ذ╪د╪»╪▒╪ر\Graduation_project_last_update\Project(DEPI)\DAL\Model\UserProfile.cs(43,23): warning CS8618: Non-nullable property 'Country' must contain a non-null value when exiting constructor. Consider adding the 'required' modifier or declaring the property as nullable. [E:\╪د┘┘à╪ذ╪د╪»╪▒╪ر\Graduation_project_last_update\Project(DEPI)\DAL\DAL.csproj]
E:\╪د┘┘à╪ذ╪د╪»╪▒╪ر\Graduation_project_last_update\Project(DEPI)\DAL\DataBase\GenericRepository.cs(22,33): warning CS8603: Possible null reference return. [E:\╪د┘┘à╪ذ╪د╪»╪▒╪ر\Graduation_project_last_update\Project(DEPI)\DAL\DAL.csproj]
E:\╪د┘┘à╪ذ╪د╪»╪▒╪ر\Graduation_project_last_update\Project(DEPI)\PLL\Services\ProfileService.cs(32,28): warning CS8601: Possible null reference assignment. [E:\╪د┘┘à╪ذ╪د╪»╪▒╪ر\Graduation_project_last_update\Project(DEPI)\PLL\PLL.csproj]
E:\╪د┘┘à╪ذ╪د╪»╪▒╪ر\Graduation_project_last_update\Project(DEPI)\PLL\Services\ProfileService.cs(33,25): warning CS8601: Possible null reference assignment. [E:\╪د┘┘à╪ذ╪د╪»╪▒╪ر\Graduation_project_last_update\Project(DEPI)\PLL\PLL.csproj]
E:\╪د┘┘à╪ذ╪د╪»╪▒╪ر\Graduation_project_last_update\Project(DEPI)\PLL\Services\ProfileService.cs(34,31): warning CS8601: Possible null reference assignment. [E:\╪د┘┘à╪ذ╪د╪»╪▒╪ر\Graduation_project_last_update\Project(DEPI)\PLL\PLL.csproj]
E:\╪د┘┘à╪ذ╪د╪»╪▒╪ر\Graduation_project_last_update\Project(DEPI)\PLL\Services\BookingService.cs(56,37): warning CS1998: This async method lacks 'await' operators and will run synchronously. Consider using the 'await' operator to await non-blocking API calls, or 'await Task.Run(...)' to do CPU-bound work on a background thread. [E:\╪د┘┘à╪ذ╪د╪»╪▒╪ر\Graduation_project_last_update\Project(DEPI)\PLL\PLL.csproj]
E:\╪د┘┘à╪ذ╪د╪»╪▒╪ر\Graduation_project_last_update\Project(DEPI)\Project(DEPI)\Controllers\RoomController.cs(30,54): warning CS8604: Possible null reference argument for parameter 'location' in 'IEnumerable<Room> RoomService.SearchRooms(string location, DateTime? checkIn, DateTime? checkOut, int? guests)'. [E:\╪د┘┘à╪ذ╪د╪»╪▒╪ر\Graduation_project_last_update\Project(DEPI)\Project(DEPI)\Project(DEPI).csproj]
E:\╪د┘┘à╪ذ╪د╪»╪▒╪ر\Graduation_project_last_update\Project(DEPI)\Project(DEPI)\Views\BookNow\Success.cshtml(24,50): warning CS8602: Dereference of a possibly null reference. [E:\╪د┘┘à╪ذ╪د╪»╪▒╪ر\Graduation_project_last_update\Project(DEPI)\Project(DEPI)\Project(DEPI).csproj]
    50 Warning(s)
    0 Error(s)

Time Elapsed 00:00:21.27
